node.exe : FAIL backend/tests/utils/validators.test.js
At line:1 char:1
+ & "C:\Program Files\nodejs/node.exe" "C:\Program Files\nodejs/node_mo ...
+ ~~~~~~~~~~~~~~~~~~~~~~~~~~~~~~~~~~~~~~~~~~~~~~~~~~~~~~~~~~~~~~~~~~~~~
    + CategoryInfo          : NotSpecified: (FAIL backend/te...idators.test.js:String) [], RemoteException
    + FullyQualifiedErrorId : NativeCommandError
 
  ● validators › validateBody middleware › returns 400 on invalid body

    TypeError: Cannot read properties of undefined (reading '0')

      at C:\Users\gpack\Desktop\gpack production\Gpack-production-system-main (5)../../../../../../AI Gpack p-s/backend/utils/validators.js:77:51
      at Object.<anonymous> (C:\Users\gpack\Desktop\gpack production\Gpack-production-system-main (5)../../../../../../AI Gpack 
p-s/backend/tests/utils/validators.test.js:93:39)

FAIL backend/tests/middleware/auth.test.js
  ● authenticate middleware › should return 401 for expired token

    secretOrPrivateKey must have a value

    [0m [90m 30 |[39m
     [90m 31 |[39m     test([32m'should return 401 for expired token'[39m[33m,[39m () [33m=>[39m {
    [31m[1m>[22m[39m[90m 32 |[39m         [36mconst[39m expiredToken [33m=[39m jwt[33m.[39msign({ id[33m:[39m [35m1[39m[33m,[39m 
role[33m:[39m [32m'admin'[39m }[33m,[39m process[33m.[39menv[33m.[39m[33mJWT_SECRET[39m[33m,[39m { expiresIn[33m:[39m [32m'-1s'[39m 
})[33m;[39m
     [90m    |[39m                                  [31m[1m^[22m[39m
     [90m 33 |[39m         req[33m.[39mheaders[[32m'authorization'[39m] [33m=[39m [32m`Bearer ${expiredToken}`[39m[33m;[39m
     [90m 34 |[39m         authenticate(req[33m,[39m res[33m,[39m next)[33m;[39m
     [90m 35 |[39m         expect(res[33m.[39mstatus)[33m.[39mtoHaveBeenCalledWith([35m401[39m)[33m;[39m[0m

      at Object.module.exports [as sign] (C:\Users\gpack\Desktop\gpack production\Gpack-production-system-main (5)../../../../../../AI Gpack 
p-s/backend/node_modules/jsonwebtoken/sign.js:111:20)
      at Object.sign (C:\Users\gpack\Desktop\gpack production\Gpack-production-system-main (5)../../../../../../AI Gpack 
p-s/backend/tests/middleware/auth.test.js:32:34)

  ● authenticate middleware › should call next() and attach req.user for valid token

    secretOrPrivateKey must have a value

    [0m [90m 48 |[39m     test([32m'should call next() and attach req.user for valid token'[39m[33m,[39m () [33m=>[39m {
     [90m 49 |[39m         [36mconst[39m payload [33m=[39m { id[33m:[39m [35m1[39m[33m,[39m role[33m:[39m [32m'admin'[39m[33m,[39m 
permissions[33m:[39m {} }[33m;[39m
    [31m[1m>[22m[39m[90m 50 |[39m         [36mconst[39m validToken [33m=[39m jwt[33m.[39msign(payload[33m,[39m 
process[33m.[39menv[33m.[39m[33mJWT_SECRET[39m[33m,[39m { expiresIn[33m:[39m [32m'1h'[39m })[33m;[39m
     [90m    |[39m                                [31m[1m^[22m[39m
     [90m 51 |[39m         req[33m.[39mheaders[[32m'authorization'[39m] [33m=[39m [32m`Bearer ${validToken}`[39m[33m;[39m
     [90m 52 |[39m         authenticate(req[33m,[39m res[33m,[39m next)[33m;[39m
     [90m 53 |[39m         expect(next)[33m.[39mtoHaveBeenCalled()[33m;[39m[0m

      at Object.module.exports [as sign] (C:\Users\gpack\Desktop\gpack production\Gpack-production-system-main (5)../../../../../../AI Gpack 
p-s/backend/node_modules/jsonwebtoken/sign.js:111:20)
      at Object.sign (C:\Users\gpack\Desktop\gpack production\Gpack-production-system-main (5)../../../../../../AI Gpack 
p-s/backend/tests/middleware/auth.test.js:50:32)

FAIL backend/tests/utils/crypto.test.js
  ● crypto utils › encrypt + decrypt roundtrip

    SHARE_TOKEN_SECRET must be set and at least 32 characters long.

    [0m [90m 11 |[39m [36mfunction[39m _ensureSecret() {
     [90m 12 |[39m     [36mif[39m ([33m![39m[33mSECRET[39m [33m||[39m [33mSECRET[39m[33m.[39mlength [33m<[39m [35m32[39m) {
    [31m[1m>[22m[39m[90m 13 |[39m         [36mthrow[39m [36mnew[39m [33mError[39m([32m'SHARE_TOKEN_SECRET must be set and at least 32 
characters long.'[39m)[33m;[39m
     [90m    |[39m               [31m[1m^[22m[39m
     [90m 14 |[39m     }
     [90m 15 |[39m }
     [90m 16 |[39m[0m

      at _ensureSecret (C:\Users\gpack\Desktop\gpack production\Gpack-production-system-main (5)../../../../../../AI Gpack 
p-s/backend/utils/crypto.js:13:15)
      at _ensureSecret (C:\Users\gpack\Desktop\gpack production\Gpack-production-system-main (5)../../../../../../AI Gpack 
p-s/backend/utils/crypto.js:22:5)
      at Object.encryptToken (C:\Users\gpack\Desktop\gpack production\Gpack-production-system-main (5)../../../../../../AI Gpack 
p-s/backend/tests/utils/crypto.test.js:11:27)

  ● crypto utils › hashToken is deterministic

    SHARE_TOKEN_SECRET must be set and at least 32 characters long.

    [0m [90m 11 |[39m [36mfunction[39m _ensureSecret() {
     [90m 12 |[39m     [36mif[39m ([33m![39m[33mSECRET[39m [33m||[39m [33mSECRET[39m[33m.[39mlength [33m<[39m [35m32[39m) {
    [31m[1m>[22m[39m[90m 13 |[39m         [36mthrow[39m [36mnew[39m [33mError[39m([32m'SHARE_TOKEN_SECRET must be set and at least 32 
characters long.'[39m)[33m;[39m
     [90m    |[39m               [31m[1m^[22m[39m
     [90m 14 |[39m     }
     [90m 15 |[39m }
     [90m 16 |[39m[0m

      at _ensureSecret (C:\Users\gpack\Desktop\gpack production\Gpack-production-system-main (5)../../../../../../AI Gpack 
p-s/backend/utils/crypto.js:13:15)
      at _ensureSecret (C:\Users\gpack\Desktop\gpack production\Gpack-production-system-main (5)../../../../../../AI Gpack 
p-s/backend/utils/crypto.js:54:5)
      at Object.hashToken (C:\Users\gpack\Desktop\gpack production\Gpack-production-system-main (5)../../../../../../AI Gpack 
p-s/backend/tests/utils/crypto.test.js:18:20)

  ● crypto utils › hashToken of different tokens differs

    SHARE_TOKEN_SECRET must be set and at least 32 characters long.

    [0m [90m 11 |[39m [36mfunction[39m _ensureSecret() {
     [90m 12 |[39m     [36mif[39m ([33m![39m[33mSECRET[39m [33m||[39m [33mSECRET[39m[33m.[39mlength [33m<[39m [35m32[39m) {
    [31m[1m>[22m[39m[90m 13 |[39m         [36mthrow[39m [36mnew[39m [33mError[39m([32m'SHARE_TOKEN_SECRET must be set and at least 32 
characters long.'[39m)[33m;[39m
     [90m    |[39m               [31m[1m^[22m[39m
     [90m 14 |[39m     }
     [90m 15 |[39m }
     [90m 16 |[39m[0m

      at _ensureSecret (C:\Users\gpack\Desktop\gpack production\Gpack-production-system-main (5)../../../../../../AI Gpack 
p-s/backend/utils/crypto.js:13:15)
      at _ensureSecret (C:\Users\gpack\Desktop\gpack production\Gpack-production-system-main (5)../../../../../../AI Gpack 
p-s/backend/utils/crypto.js:54:5)
      at Object.hashToken (C:\Users\gpack\Desktop\gpack production\Gpack-production-system-main (5)../../../../../../AI Gpack 
p-s/backend/tests/utils/crypto.test.js:25:20)

  ● crypto utils › decryptShareToken decrypts encrypted token

    SHARE_TOKEN_SECRET must be set and at least 32 characters long.

    [0m [90m 11 |[39m [36mfunction[39m _ensureSecret() {
     [90m 12 |[39m     [36mif[39m ([33m![39m[33mSECRET[39m [33m||[39m [33mSECRET[39m[33m.[39mlength [33m<[39m [35m32[39m) {
    [31m[1m>[22m[39m[90m 13 |[39m         [36mthrow[39m [36mnew[39m [33mError[39m([32m'SHARE_TOKEN_SECRET must be set and at least 32 
characters long.'[39m)[33m;[39m
     [90m    |[39m               [31m[1m^[22m[39m
     [90m 14 |[39m     }
     [90m 15 |[39m }
     [90m 16 |[39m[0m

      at _ensureSecret (C:\Users\gpack\Desktop\gpack production\Gpack-production-system-main (5)../../../../../../AI Gpack 
p-s/backend/utils/crypto.js:13:15)
      at _ensureSecret (C:\Users\gpack\Desktop\gpack production\Gpack-production-system-main (5)../../../../../../AI Gpack 
p-s/backend/utils/crypto.js:22:5)
      at Object.encryptToken (C:\Users\gpack\Desktop\gpack production\Gpack-production-system-main (5)../../../../../../AI Gpack 
p-s/backend/tests/utils/crypto.test.js:37:27)

PASS backend/tests/utils/settings.test.js
  ● Console

    console.error
      [Settings] Failed to read setting: vat_rate

    [0m [90m 38 |[39m         [36mreturn[39m value[33m;[39m
     [90m 39 |[39m     } [36mcatch[39m (err) {
    [31m[1m>[22m[39m[90m 40 |[39m         console[33m.[39merror([32m'[Settings] Failed to read setting:'[39m[33m,[39m key[33m,[39m 
err[33m.[39mmessage)[33m;[39m
     [90m    |[39m                 [31m[1m^[22m[39m
     [90m 41 |[39m         [36mreturn[39m defaultValue[33m;[39m
     [90m 42 |[39m     }
     [90m 43 |[39m }[0m

      at error (C:\Users\gpack\Desktop\gpack production\Gpack-production-system-main (5)../../../../../../AI Gpack 
p-s/backend/utils/settings.js:40:17)
      at Object.<anonymous> (C:\Users\gpack\Desktop\gpack production\Gpack-production-system-main (5)../../../../../../AI Gpack 
p-s/backend/tests/utils/settings.test.js:15:26)

PASS backend/tests/middleware/authorize.test.js

Test Suites: 3 failed, 2 passed, 5 total
Tests:       7 failed, 29 passed, 36 total
Snapshots:   0 total
Time:        0.749 s, estimated 1 s
Ran all test suites.
